// Jest Snapshot v1, https://goo.gl/fbAQLP

exports[`test Movebox component render test Movebox component render success 1`] = `
<div
  className="box-out move"
/>
`;
